210 Omega fixtures; 187 actual pinned public parser observations; 64 normalized supported descriptor agreements
{
  "files": 1,
  "meaning": "source coverage audit only; no Omega compilation or execution",
  "symbols": {
    "blocked": 0,
    "omitted": 8,
    "pending": 0,
    "translated": 79
  }
}
    Finished `release` profile [optimized] target(s) in 0.06s
Checked resource suite: 10 positives and 10 changed-body controls
CHECKED authored package and dependency bodies; native publication NOT requested
PASS ResourceSuite::unsupported_large_18_positive expected=0 observed=0 error=None usage=EvaluationUsage { schema: EvaluationUsageSchemaIdentity(7), schedule: EvaluationStepScheduleIdentity(1), fuel_units: 343, fuel_ceiling: 10000000, build_log_bytes: 0, filesystem_operation_attempts: 0, peak_live_cells: 4150, peak_live_text_bytes: 0, result_cells: 0, result_text_bytes: 0 }
PASS ResourceSuite::unsupported_large_18_control expected=1 observed=1 error=None usage=EvaluationUsage { schema: EvaluationUsageSchemaIdentity(7), schedule: EvaluationStepScheduleIdentity(1), fuel_units: 333, fuel_ceiling: 10000000, build_log_bytes: 0, filesystem_operation_attempts: 0, peak_live_cells: 4150, peak_live_text_bytes: 0, result_cells: 0, result_text_bytes: 0 }
PASS ResourceSuite::unsupported_large_19_positive expected=0 observed=0 error=None usage=EvaluationUsage { schema: EvaluationUsageSchemaIdentity(7), schedule: EvaluationStepScheduleIdentity(1), fuel_units: 346, fuel_ceiling: 10000000, build_log_bytes: 0, filesystem_operation_attempts: 0, peak_live_cells: 4150, peak_live_text_bytes: 0, result_cells: 0, result_text_bytes: 0 }
PASS ResourceSuite::unsupported_large_19_control expected=1 observed=1 error=None usage=EvaluationUsage { schema: EvaluationUsageSchemaIdentity(7), schedule: EvaluationStepScheduleIdentity(1), fuel_units: 336, fuel_ceiling: 10000000, build_log_bytes: 0, filesystem_operation_attempts: 0, peak_live_cells: 4150, peak_live_text_bytes: 0, result_cells: 0, result_text_bytes: 0 }
PASS ResourceSuite::unsupported_large_2_positive expected=0 observed=0 error=None usage=EvaluationUsage { schema: EvaluationUsageSchemaIdentity(7), schedule: EvaluationStepScheduleIdentity(1), fuel_units: 313, fuel_ceiling: 10000000, build_log_bytes: 0, filesystem_operation_attempts: 0, peak_live_cells: 4150, peak_live_text_bytes: 0, result_cells: 0, result_text_bytes: 0 }
PASS ResourceSuite::unsupported_large_2_control expected=1 observed=1 error=None usage=EvaluationUsage { schema: EvaluationUsageSchemaIdentity(7), schedule: EvaluationStepScheduleIdentity(1), fuel_units: 303, fuel_ceiling: 10000000, build_log_bytes: 0, filesystem_operation_attempts: 0, peak_live_cells: 4150, peak_live_text_bytes: 0, result_cells: 0, result_text_bytes: 0 }
PASS ResourceSuite::unsupported_large_4_positive expected=0 observed=0 error=None usage=EvaluationUsage { schema: EvaluationUsageSchemaIdentity(7), schedule: EvaluationStepScheduleIdentity(1), fuel_units: 316, fuel_ceiling: 10000000, build_log_bytes: 0, filesystem_operation_attempts: 0, peak_live_cells: 4150, peak_live_text_bytes: 0, result_cells: 0, result_text_bytes: 0 }
PASS ResourceSuite::unsupported_large_4_control expected=1 observed=1 error=None usage=EvaluationUsage { schema: EvaluationUsageSchemaIdentity(7), schedule: EvaluationStepScheduleIdentity(1), fuel_units: 306, fuel_ceiling: 10000000, build_log_bytes: 0, filesystem_operation_attempts: 0, peak_live_cells: 4150, peak_live_text_bytes: 0, result_cells: 0, result_text_bytes: 0 }
PASS ResourceSuite::unsupported_large_5_positive expected=0 observed=0 error=None usage=EvaluationUsage { schema: EvaluationUsageSchemaIdentity(7), schedule: EvaluationStepScheduleIdentity(1), fuel_units: 319, fuel_ceiling: 10000000, build_log_bytes: 0, filesystem_operation_attempts: 0, peak_live_cells: 4150, peak_live_text_bytes: 0, result_cells: 0, result_text_bytes: 0 }
PASS ResourceSuite::unsupported_large_5_control expected=1 observed=1 error=None usage=EvaluationUsage { schema: EvaluationUsageSchemaIdentity(7), schedule: EvaluationStepScheduleIdentity(1), fuel_units: 309, fuel_ceiling: 10000000, build_log_bytes: 0, filesystem_operation_attempts: 0, peak_live_cells: 4150, peak_live_text_bytes: 0, result_cells: 0, result_text_bytes: 0 }
PASS ResourceSuite::unsupported_small_10_positive expected=0 observed=0 error=None usage=EvaluationUsage { schema: EvaluationUsageSchemaIdentity(7), schedule: EvaluationStepScheduleIdentity(1), fuel_units: 223, fuel_ceiling: 10000000, build_log_bytes: 0, filesystem_operation_attempts: 0, peak_live_cells: 4133, peak_live_text_bytes: 0, result_cells: 0, result_text_bytes: 0 }
PASS ResourceSuite::unsupported_small_10_control expected=1 observed=1 error=None usage=EvaluationUsage { schema: EvaluationUsageSchemaIdentity(7), schedule: EvaluationStepScheduleIdentity(1), fuel_units: 213, fuel_ceiling: 10000000, build_log_bytes: 0, filesystem_operation_attempts: 0, peak_live_cells: 4133, peak_live_text_bytes: 0, result_cells: 0, result_text_bytes: 0 }
PASS ResourceSuite::unsupported_small_14_positive expected=0 observed=0 error=None usage=EvaluationUsage { schema: EvaluationUsageSchemaIdentity(7), schedule: EvaluationStepScheduleIdentity(1), fuel_units: 226, fuel_ceiling: 10000000, build_log_bytes: 0, filesystem_operation_attempts: 0, peak_live_cells: 4133, peak_live_text_bytes: 0, result_cells: 0, result_text_bytes: 0 }
PASS ResourceSuite::unsupported_small_14_control expected=1 observed=1 error=None usage=EvaluationUsage { schema: EvaluationUsageSchemaIdentity(7), schedule: EvaluationStepScheduleIdentity(1), fuel_units: 216, fuel_ceiling: 10000000, build_log_bytes: 0, filesystem_operation_attempts: 0, peak_live_cells: 4133, peak_live_text_bytes: 0, result_cells: 0, result_text_bytes: 0 }
PASS ResourceSuite::unsupported_small_6_positive expected=0 observed=0 error=None usage=EvaluationUsage { schema: EvaluationUsageSchemaIdentity(7), schedule: EvaluationStepScheduleIdentity(1), fuel_units: 214, fuel_ceiling: 10000000, build_log_bytes: 0, filesystem_operation_attempts: 0, peak_live_cells: 4133, peak_live_text_bytes: 0, result_cells: 0, result_text_bytes: 0 }
PASS ResourceSuite::unsupported_small_6_control expected=1 observed=1 error=None usage=EvaluationUsage { schema: EvaluationUsageSchemaIdentity(7), schedule: EvaluationStepScheduleIdentity(1), fuel_units: 204, fuel_ceiling: 10000000, build_log_bytes: 0, filesystem_operation_attempts: 0, peak_live_cells: 4133, peak_live_text_bytes: 0, result_cells: 0, result_text_bytes: 0 }
PASS ResourceSuite::unsupported_small_7_positive expected=0 observed=0 error=None usage=EvaluationUsage { schema: EvaluationUsageSchemaIdentity(7), schedule: EvaluationStepScheduleIdentity(1), fuel_units: 217, fuel_ceiling: 10000000, build_log_bytes: 0, filesystem_operation_attempts: 0, peak_live_cells: 4133, peak_live_text_bytes: 0, result_cells: 0, result_text_bytes: 0 }
PASS ResourceSuite::unsupported_small_7_control expected=1 observed=1 error=None usage=EvaluationUsage { schema: EvaluationUsageSchemaIdentity(7), schedule: EvaluationStepScheduleIdentity(1), fuel_units: 207, fuel_ceiling: 10000000, build_log_bytes: 0, filesystem_operation_attempts: 0, peak_live_cells: 4133, peak_live_text_bytes: 0, result_cells: 0, result_text_bytes: 0 }
PASS ResourceSuite::unsupported_small_9_positive expected=0 observed=0 error=None usage=EvaluationUsage { schema: EvaluationUsageSchemaIdentity(7), schedule: EvaluationStepScheduleIdentity(1), fuel_units: 220, fuel_ceiling: 10000000, build_log_bytes: 0, filesystem_operation_attempts: 0, peak_live_cells: 4133, peak_live_text_bytes: 0, result_cells: 0, result_text_bytes: 0 }
PASS ResourceSuite::unsupported_small_9_control expected=1 observed=1 error=None usage=EvaluationUsage { schema: EvaluationUsageSchemaIdentity(7), schedule: EvaluationStepScheduleIdentity(1), fuel_units: 210, fuel_ceiling: 10000000, build_log_bytes: 0, filesystem_operation_attempts: 0, peak_live_cells: 4133, peak_live_text_bytes: 0, result_cells: 0, result_text_bytes: 0 }
PASS 10 checked resource bodies + 10 changed-body controls.
